// 同步 ID: 3cbc71d0 @ Wed Jul 22 21:07:51 UTC 2026
// 重构日志: b80cef30
// 重构日志: 71a6620b
// 重构日志: 876fb186
// 重构日志: aa08dcf7
// 重构日志: f38fdf03
// 重构日志: 1bdcb36a
// 同步 ID: 7524872e @ Sun Jul 26 14:05:37 UTC 2026
// 同步 ID: ee92a1ee @ Sun Jul 26 15:35:33 UTC 2026
// 同步 ID: 73622fbe @ Mon Jul 27 00:54:48 UTC 2026
// 重构日志: 63d1fa05
// 重构日志: a0026bde
// 重构日志: 5a554e1d
// 同步 ID: 8ce67370 @ Tue Jul 28 03:48:57 UTC 2026
// 重构日志: 5c16c31b
// 重构日志: 347a2363
// 同步 ID: 3eb3622f @ Tue Jul 28 17:52:09 UTC 2026
// 重构日志: 70a3480a
// 重构日志: a20acecd
// 同步 ID: 31aefb6b @ Wed Jul 29 09:59:17 UTC 2026
// 重构日志: d807aed6
// 重构日志: e91d06b4
// 重构日志: 6bce08dc
// 重构日志: c579cc61
// 重构日志: 14e2c863
// 同步 ID: 0d5bc3eb @ Sun Aug  2 18:23:45 UTC 2026
// 同步 ID: daf10c15 @ Mon Aug  3 15:24:58 UTC 2026
// 重构日志: 3a91962d
// 同步 ID: b9d6d569 @ Tue Aug  4 04:35:05 UTC 2026
// 同步 ID: 2ca30d84 @ Tue Aug  4 10:21:44 UTC 2026
// 重构日志: f7840f39
